// Jest Snapshot v1, https://goo.gl/fbAQLP

exports[`App renders correctly 1`] = `
ShallowWrapper {
  "length": 1,
  Symbol(enzyme.__root__): [Circular],
  Symbol(enzyme.__unrendered__): <App />,
  Symbol(enzyme.__renderer__): Object {
    "batchedUpdates": [Function],
    "getNode": [Function],
    "render": [Function],
    "simulateEvent": [Function],
    "unmount": [Function],
  },
  Symbol(enzyme.__node__): Object {
    "instance": null,
    "key": undefined,
    "nodeType": "host",
    "props": Object {
      "children": <div
        className="Layout"
>
        <div
                className="LayoutItem LayoutItem--fill LayoutItem--center"
        >
                <header>
                        <h1
                                className="Title"
                        >
                                <span
                                        aria-label="Wave emoji"
                                        role="img"
                                >
                                        ðŸ‘‹
                                </span>
                                I'm Kai
                        </h1>
                </header>
                <div
                        className="Content"
                >
                        <p
                                className="Quote"
                        >
                                Iâ€™m a designer and photographer born in Oakland, raised in Berkeley, commenced in San JosÃ©, and living in
                                <br />
                                San Francisco, California
                        </p>
                        <ul
                                className="SocialLinks"
                        >
                                <li>
                                        <a
                                                href="https://www.instagram.com/kaigenji/"
                                                rel="noopener noreferrer"
                                                target="_blank"
                                        >
                                                @kaigenji
                                        </a>
                                </li>
                                <li>
                                        <a
                                                href="mailto:kaigenji@gmail.com"
                                        >
                                                email
                                        </a>
                                </li>
                        </ul>
                </div>
        </div>
        <div
                className="LayoutItem"
        >
                SLIDER
        </div>
</div>,
      "className": "Page",
    },
    "ref": null,
    "rendered": Object {
      "instance": null,
      "key": undefined,
      "nodeType": "host",
      "props": Object {
        "children": Array [
          <div
            className="LayoutItem LayoutItem--fill LayoutItem--center"
>
            <header>
                        <h1
                                    className="Title"
                        >
                                    <span
                                                aria-label="Wave emoji"
                                                role="img"
                                    >
                                                ðŸ‘‹
                                    </span>
                                    I'm Kai
                        </h1>
            </header>
            <div
                        className="Content"
            >
                        <p
                                    className="Quote"
                        >
                                    Iâ€™m a designer and photographer born in Oakland, raised in Berkeley, commenced in San JosÃ©, and living in
                                    <br />
                                    San Francisco, California
                        </p>
                        <ul
                                    className="SocialLinks"
                        >
                                    <li>
                                                <a
                                                            href="https://www.instagram.com/kaigenji/"
                                                            rel="noopener noreferrer"
                                                            target="_blank"
                                                >
                                                            @kaigenji
                                                </a>
                                    </li>
                                    <li>
                                                <a
                                                            href="mailto:kaigenji@gmail.com"
                                                >
                                                            email
                                                </a>
                                    </li>
                        </ul>
            </div>
</div>,
          <div
            className="LayoutItem"
>
            SLIDER
</div>,
        ],
        "className": "Layout",
      },
      "ref": null,
      "rendered": Array [
        Object {
          "instance": null,
          "key": undefined,
          "nodeType": "host",
          "props": Object {
            "children": Array [
              <header>
                <h1
                                className="Title"
                >
                                <span
                                                aria-label="Wave emoji"
                                                role="img"
                                >
                                                ðŸ‘‹
                                </span>
                                I'm Kai
                </h1>
</header>,
              <div
                className="Content"
>
                <p
                                className="Quote"
                >
                                Iâ€™m a designer and photographer born in Oakland, raised in Berkeley, commenced in San JosÃ©, and living in
                                <br />
                                San Francisco, California
                </p>
                <ul
                                className="SocialLinks"
                >
                                <li>
                                                <a
                                                                href="https://www.instagram.com/kaigenji/"
                                                                rel="noopener noreferrer"
                                                                target="_blank"
                                                >
                                                                @kaigenji
                                                </a>
                                </li>
                                <li>
                                                <a
                                                                href="mailto:kaigenji@gmail.com"
                                                >
                                                                email
                                                </a>
                                </li>
                </ul>
</div>,
            ],
            "className": "LayoutItem LayoutItem--fill LayoutItem--center",
          },
          "ref": null,
          "rendered": Array [
            Object {
              "instance": null,
              "key": undefined,
              "nodeType": "host",
              "props": Object {
                "children": <h1
                  className="Title"
>
                  <span
                                    aria-label="Wave emoji"
                                    role="img"
                  >
                                    ðŸ‘‹
                  </span>
                  I'm Kai
</h1>,
              },
              "ref": null,
              "rendered": Object {
                "instance": null,
                "key": undefined,
                "nodeType": "host",
                "props": Object {
                  "children": Array [
                    <span
                      aria-label="Wave emoji"
                      role="img"
>
                      ðŸ‘‹
</span>,
                    "I'm Kai",
                  ],
                  "className": "Title",
                },
                "ref": null,
                "rendered": Array [
                  Object {
                    "instance": null,
                    "key": undefined,
                    "nodeType": "host",
                    "props": Object {
                      "aria-label": "Wave emoji",
                      "children": "ðŸ‘‹",
                      "role": "img",
                    },
                    "ref": null,
                    "rendered": "ðŸ‘‹",
                    "type": "span",
                  },
                  "I'm Kai",
                ],
                "type": "h1",
              },
              "type": "header",
            },
            Object {
              "instance": null,
              "key": undefined,
              "nodeType": "host",
              "props": Object {
                "children": Array [
                  <p
                    className="Quote"
>
                    Iâ€™m a designer and photographer born in Oakland, raised in Berkeley, commenced in San JosÃ©, and living in
                    <br />
                    San Francisco, California
</p>,
                  <ul
                    className="SocialLinks"
>
                    <li>
                                        <a
                                                            href="https://www.instagram.com/kaigenji/"
                                                            rel="noopener noreferrer"
                                                            target="_blank"
                                        >
                                                            @kaigenji
                                        </a>
                    </li>
                    <li>
                                        <a
                                                            href="mailto:kaigenji@gmail.com"
                                        >
                                                            email
                                        </a>
                    </li>
</ul>,
                ],
                "className": "Content",
              },
              "ref": null,
              "rendered": Array [
                Object {
                  "instance": null,
                  "key": undefined,
                  "nodeType": "host",
                  "props": Object {
                    "children": Array [
                      "Iâ€™m a designer and photographer born in Oakland, raised in Berkeley, commenced in San JosÃ©, and living in",
                      <br />,
                      "San Francisco, California",
                    ],
                    "className": "Quote",
                  },
                  "ref": null,
                  "rendered": Array [
                    "Iâ€™m a designer and photographer born in Oakland, raised in Berkeley, commenced in San JosÃ©, and living in",
                    Object {
                      "instance": null,
                      "key": undefined,
                      "nodeType": "host",
                      "props": Object {},
                      "ref": null,
                      "rendered": null,
                      "type": "br",
                    },
                    "San Francisco, California",
                  ],
                  "type": "p",
                },
                Object {
                  "instance": null,
                  "key": undefined,
                  "nodeType": "host",
                  "props": Object {
                    "children": Array [
                      <li>
                        <a
                                                href="https://www.instagram.com/kaigenji/"
                                                rel="noopener noreferrer"
                                                target="_blank"
                        >
                                                @kaigenji
                        </a>
</li>,
                      <li>
                        <a
                                                href="mailto:kaigenji@gmail.com"
                        >
                                                email
                        </a>
</li>,
                    ],
                    "className": "SocialLinks",
                  },
                  "ref": null,
                  "rendered": Array [
                    Object {
                      "instance": null,
                      "key": undefined,
                      "nodeType": "host",
                      "props": Object {
                        "children": <a
                          href="https://www.instagram.com/kaigenji/"
                          rel="noopener noreferrer"
                          target="_blank"
>
                          @kaigenji
</a>,
                      },
                      "ref": null,
                      "rendered": Object {
                        "instance": null,
                        "key": undefined,
                        "nodeType": "host",
                        "props": Object {
                          "children": "@kaigenji",
                          "href": "https://www.instagram.com/kaigenji/",
                          "rel": "noopener noreferrer",
                          "target": "_blank",
                        },
                        "ref": null,
                        "rendered": "@kaigenji",
                        "type": "a",
                      },
                      "type": "li",
                    },
                    Object {
                      "instance": null,
                      "key": undefined,
                      "nodeType": "host",
                      "props": Object {
                        "children": <a
                          href="mailto:kaigenji@gmail.com"
>
                          email
</a>,
                      },
                      "ref": null,
                      "rendered": Object {
                        "instance": null,
                        "key": undefined,
                        "nodeType": "host",
                        "props": Object {
                          "children": "email",
                          "href": "mailto:kaigenji@gmail.com",
                        },
                        "ref": null,
                        "rendered": "email",
                        "type": "a",
                      },
                      "type": "li",
                    },
                  ],
                  "type": "ul",
                },
              ],
              "type": "div",
            },
          ],
          "type": "div",
        },
        Object {
          "instance": null,
          "key": undefined,
          "nodeType": "host",
          "props": Object {
            "children": "SLIDER",
            "className": "LayoutItem",
          },
          "ref": null,
          "rendered": "SLIDER",
          "type": "div",
        },
      ],
      "type": "div",
    },
    "type": "main",
  },
  Symbol(enzyme.__nodes__): Array [
    Object {
      "instance": null,
      "key": undefined,
      "nodeType": "host",
      "props": Object {
        "children": <div
          className="Layout"
>
          <div
                    className="LayoutItem LayoutItem--fill LayoutItem--center"
          >
                    <header>
                              <h1
                                        className="Title"
                              >
                                        <span
                                                  aria-label="Wave emoji"
                                                  role="img"
                                        >
                                                  ðŸ‘‹
                                        </span>
                                        I'm Kai
                              </h1>
                    </header>
                    <div
                              className="Content"
                    >
                              <p
                                        className="Quote"
                              >
                                        Iâ€™m a designer and photographer born in Oakland, raised in Berkeley, commenced in San JosÃ©, and living in
                                        <br />
                                        San Francisco, California
                              </p>
                              <ul
                                        className="SocialLinks"
                              >
                                        <li>
                                                  <a
                                                            href="https://www.instagram.com/kaigenji/"
                                                            rel="noopener noreferrer"
                                                            target="_blank"
                                                  >
                                                            @kaigenji
                                                  </a>
                                        </li>
                                        <li>
                                                  <a
                                                            href="mailto:kaigenji@gmail.com"
                                                  >
                                                            email
                                                  </a>
                                        </li>
                              </ul>
                    </div>
          </div>
          <div
                    className="LayoutItem"
          >
                    SLIDER
          </div>
</div>,
        "className": "Page",
      },
      "ref": null,
      "rendered": Object {
        "instance": null,
        "key": undefined,
        "nodeType": "host",
        "props": Object {
          "children": Array [
            <div
              className="LayoutItem LayoutItem--fill LayoutItem--center"
>
              <header>
                            <h1
                                          className="Title"
                            >
                                          <span
                                                        aria-label="Wave emoji"
                                                        role="img"
                                          >
                                                        ðŸ‘‹
                                          </span>
                                          I'm Kai
                            </h1>
              </header>
              <div
                            className="Content"
              >
                            <p
                                          className="Quote"
                            >
                                          Iâ€™m a designer and photographer born in Oakland, raised in Berkeley, commenced in San JosÃ©, and living in
                                          <br />
                                          San Francisco, California
                            </p>
                            <ul
                                          className="SocialLinks"
                            >
                                          <li>
                                                        <a
                                                                      href="https://www.instagram.com/kaigenji/"
                                                                      rel="noopener noreferrer"
                                                                      target="_blank"
                                                        >
                                                                      @kaigenji
                                                        </a>
                                          </li>
                                          <li>
                                                        <a
                                                                      href="mailto:kaigenji@gmail.com"
                                                        >
                                                                      email
                                                        </a>
                                          </li>
                            </ul>
              </div>
</div>,
            <div
              className="LayoutItem"
>
              SLIDER
</div>,
          ],
          "className": "Layout",
        },
        "ref": null,
        "rendered": Array [
          Object {
            "instance": null,
            "key": undefined,
            "nodeType": "host",
            "props": Object {
              "children": Array [
                <header>
                  <h1
                                    className="Title"
                  >
                                    <span
                                                      aria-label="Wave emoji"
                                                      role="img"
                                    >
                                                      ðŸ‘‹
                                    </span>
                                    I'm Kai
                  </h1>
</header>,
                <div
                  className="Content"
>
                  <p
                                    className="Quote"
                  >
                                    Iâ€™m a designer and photographer born in Oakland, raised in Berkeley, commenced in San JosÃ©, and living in
                                    <br />
                                    San Francisco, California
                  </p>
                  <ul
                                    className="SocialLinks"
                  >
                                    <li>
                                                      <a
                                                                        href="https://www.instagram.com/kaigenji/"
                                                                        rel="noopener noreferrer"
                                                                        target="_blank"
                                                      >
                                                                        @kaigenji
                                                      </a>
                                    </li>
                                    <li>
                                                      <a
                                                                        href="mailto:kaigenji@gmail.com"
                                                      >
                                                                        email
                                                      </a>
                                    </li>
                  </ul>
</div>,
              ],
              "className": "LayoutItem LayoutItem--fill LayoutItem--center",
            },
            "ref": null,
            "rendered": Array [
              Object {
                "instance": null,
                "key": undefined,
                "nodeType": "host",
                "props": Object {
                  "children": <h1
                    className="Title"
>
                    <span
                                        aria-label="Wave emoji"
                                        role="img"
                    >
                                        ðŸ‘‹
                    </span>
                    I'm Kai
</h1>,
                },
                "ref": null,
                "rendered": Object {
                  "instance": null,
                  "key": undefined,
                  "nodeType": "host",
                  "props": Object {
                    "children": Array [
                      <span
                        aria-label="Wave emoji"
                        role="img"
>
                        ðŸ‘‹
</span>,
                      "I'm Kai",
                    ],
                    "className": "Title",
                  },
                  "ref": null,
                  "rendered": Array [
                    Object {
                      "instance": null,
                      "key": undefined,
                      "nodeType": "host",
                      "props": Object {
                        "aria-label": "Wave emoji",
                        "children": "ðŸ‘‹",
                        "role": "img",
                      },
                      "ref": null,
                      "rendered": "ðŸ‘‹",
                      "type": "span",
                    },
                    "I'm Kai",
                  ],
                  "type": "h1",
                },
                "type": "header",
              },
              Object {
                "instance": null,
                "key": undefined,
                "nodeType": "host",
                "props": Object {
                  "children": Array [
                    <p
                      className="Quote"
>
                      Iâ€™m a designer and photographer born in Oakland, raised in Berkeley, commenced in San JosÃ©, and living in
                      <br />
                      San Francisco, California
</p>,
                    <ul
                      className="SocialLinks"
>
                      <li>
                                            <a
                                                                  href="https://www.instagram.com/kaigenji/"
                                                                  rel="noopener noreferrer"
                                                                  target="_blank"
                                            >
                                                                  @kaigenji
                                            </a>
                      </li>
                      <li>
                                            <a
                                                                  href="mailto:kaigenji@gmail.com"
                                            >
                                                                  email
                                            </a>
                      </li>
</ul>,
                  ],
                  "className": "Content",
                },
                "ref": null,
                "rendered": Array [
                  Object {
                    "instance": null,
                    "key": undefined,
                    "nodeType": "host",
                    "props": Object {
                      "children": Array [
                        "Iâ€™m a designer and photographer born in Oakland, raised in Berkeley, commenced in San JosÃ©, and living in",
                        <br />,
                        "San Francisco, California",
                      ],
                      "className": "Quote",
                    },
                    "ref": null,
                    "rendered": Array [
                      "Iâ€™m a designer and photographer born in Oakland, raised in Berkeley, commenced in San JosÃ©, and living in",
                      Object {
                        "instance": null,
                        "key": undefined,
                        "nodeType": "host",
                        "props": Object {},
                        "ref": null,
                        "rendered": null,
                        "type": "br",
                      },
                      "San Francisco, California",
                    ],
                    "type": "p",
                  },
                  Object {
                    "instance": null,
                    "key": undefined,
                    "nodeType": "host",
                    "props": Object {
                      "children": Array [
                        <li>
                          <a
                                                    href="https://www.instagram.com/kaigenji/"
                                                    rel="noopener noreferrer"
                                                    target="_blank"
                          >
                                                    @kaigenji
                          </a>
</li>,
                        <li>
                          <a
                                                    href="mailto:kaigenji@gmail.com"
                          >
                                                    email
                          </a>
</li>,
                      ],
                      "className": "SocialLinks",
                    },
                    "ref": null,
                    "rendered": Array [
                      Object {
                        "instance": null,
                        "key": undefined,
                        "nodeType": "host",
                        "props": Object {
                          "children": <a
                            href="https://www.instagram.com/kaigenji/"
                            rel="noopener noreferrer"
                            target="_blank"
>
                            @kaigenji
</a>,
                        },
                        "ref": null,
                        "rendered": Object {
                          "instance": null,
                          "key": undefined,
                          "nodeType": "host",
                          "props": Object {
                            "children": "@kaigenji",
                            "href": "https://www.instagram.com/kaigenji/",
                            "rel": "noopener noreferrer",
                            "target": "_blank",
                          },
                          "ref": null,
                          "rendered": "@kaigenji",
                          "type": "a",
                        },
                        "type": "li",
                      },
                      Object {
                        "instance": null,
                        "key": undefined,
                        "nodeType": "host",
                        "props": Object {
                          "children": <a
                            href="mailto:kaigenji@gmail.com"
>
                            email
</a>,
                        },
                        "ref": null,
                        "rendered": Object {
                          "instance": null,
                          "key": undefined,
                          "nodeType": "host",
                          "props": Object {
                            "children": "email",
                            "href": "mailto:kaigenji@gmail.com",
                          },
                          "ref": null,
                          "rendered": "email",
                          "type": "a",
                        },
                        "type": "li",
                      },
                    ],
                    "type": "ul",
                  },
                ],
                "type": "div",
              },
            ],
            "type": "div",
          },
          Object {
            "instance": null,
            "key": undefined,
            "nodeType": "host",
            "props": Object {
              "children": "SLIDER",
              "className": "LayoutItem",
            },
            "ref": null,
            "rendered": "SLIDER",
            "type": "div",
          },
        ],
        "type": "div",
      },
      "type": "main",
    },
  ],
  Symbol(enzyme.__options__): Object {
    "adapter": ReactSixteenAdapter {
      "options": Object {
        "enableComponentDidUpdateOnSetState": true,
      },
    },
  },
}
`;
